// Jest Snapshot v1, https://goo.gl/fbAQLP

exports[`<Button /> shold match snapshot 1`] = `
<button
  class="button"
>
  Load More Posts
</button>
`;
